[INFO] Scanning for projects...
[INFO] 
[INFO] -------------------------< com.foodrescue:api >-------------------------
[INFO] Building foodrescue-api 0.0.1-SNAPSHOT
[INFO]   from pom.xml
[INFO] --------------------------------[ jar ]---------------------------------
[INFO] 
[INFO] --- clean:3.2.0:clean (default-clean) @ api ---
[INFO] Deleting F:\KrunalDey\foodRescue\backend\target
[INFO] 
[INFO] --- resources:3.2.0:resources (default-resources) @ api ---
[INFO] Using 'UTF-8' encoding to copy filtered resources.
[INFO] Using 'UTF-8' encoding to copy filtered properties files.
[INFO] Copying 1 resource
[INFO] Copying 1 resource
[INFO] 
[INFO] --- compiler:3.10.1:compile (default-compile) @ api ---
[INFO] Changes detected - recompiling the module!
[INFO] Compiling 24 source files to F:\KrunalDey\foodRescue\backend\target\classes
[INFO] -------------------------------------------------------------
[ERROR] COMPILATION ERROR : 
[INFO] -------------------------------------------------------------
[ERROR] /F:/KrunalDey/foodRescue/backend/src/main/java/com/foodrescue/api/controller/DonorController.java:[36,77] cannot find symbol
  symbol:   method getId()
  location: variable donation of type com.foodrescue.api.model.Donation
[ERROR] /F:/KrunalDey/foodRescue/backend/src/main/java/com/foodrescue/api/controller/DonorController.java:[46,16] cannot find symbol
  symbol:   method setStatus(java.lang.String)
  location: variable request of type com.foodrescue.api.model.Request
[ERROR] /F:/KrunalDey/foodRescue/backend/src/main/java/com/foodrescue/api/controller/DonorController.java:[48,20] cannot find symbol
  symbol:   method setDonorMessage(java.lang.String)
  location: variable request of type com.foodrescue.api.model.Request
[ERROR] /F:/KrunalDey/foodRescue/backend/src/main/java/com/foodrescue/api/controller/DonorController.java:[50,16] cannot find symbol
  symbol:   method setRespondedAt(java.time.LocalDateTime)
  location: variable request of type com.foodrescue.api.model.Request
[ERROR] /F:/KrunalDey/foodRescue/backend/src/main/java/com/foodrescue/api/controller/DonorController.java:[53,40] cannot find symbol
  symbol:   method getDonation()
  location: variable request of type com.foodrescue.api.model.Request
[ERROR] /F:/KrunalDey/foodRescue/backend/src/main/java/com/foodrescue/api/controller/DonorController.java:[54,21] cannot find symbol
  symbol:   method setStatus(java.lang.String)
  location: variable donation of type com.foodrescue.api.model.Donation
[ERROR] /F:/KrunalDey/foodRescue/backend/src/main/java/com/foodrescue/api/controller/DonorController.java:[59,35] cannot find symbol
  symbol:   method getNgo()
  location: variable request of type com.foodrescue.api.model.Request
[ERROR] /F:/KrunalDey/foodRescue/backend/src/main/java/com/foodrescue/api/controller/DonorController.java:[60,64] cannot find symbol
  symbol:   method getFoodItem()
  location: variable donation of type com.foodrescue.api.model.Donation
[ERROR] /F:/KrunalDey/foodRescue/backend/src/main/java/com/foodrescue/api/controller/DonorController.java:[60,117] cannot find symbol
  symbol:   method getDonor()
  location: variable donation of type com.foodrescue.api.model.Donation
[ERROR] /F:/KrunalDey/foodRescue/backend/src/main/java/com/foodrescue/api/controller/DonorController.java:[61,14] cannot find symbol
  symbol:   method setType(java.lang.String)
  location: variable n of type com.foodrescue.api.model.Notification
[ERROR] /F:/KrunalDey/foodRescue/backend/src/main/java/com/foodrescue/api/controller/DonorController.java:[66,21] cannot find symbol
  symbol:   method setRequest(com.foodrescue.api.model.Request)
  location: variable delivery of type com.foodrescue.api.model.Delivery
[ERROR] /F:/KrunalDey/foodRescue/backend/src/main/java/com/foodrescue/api/controller/DonorController.java:[67,21] cannot find symbol
  symbol:   method setStatus(java.lang.String)
  location: variable delivery of type com.foodrescue.api.model.Delivery
[ERROR] /F:/KrunalDey/foodRescue/backend/src/main/java/com/foodrescue/api/controller/DonorController.java:[68,45] cannot find symbol
  symbol:   method getPickupLocation()
  location: variable donation of type com.foodrescue.api.model.Donation
[ERROR] /F:/KrunalDey/foodRescue/backend/src/main/java/com/foodrescue/api/controller/DonorController.java:[69,46] cannot find symbol
  symbol:   method getNgo()
  location: variable request of type com.foodrescue.api.model.Request
[ERROR] /F:/KrunalDey/foodRescue/backend/src/main/java/com/foodrescue/api/controller/DonorController.java:[73,24] cannot find symbol
  symbol:   method getNgo()
  location: variable request of type com.foodrescue.api.model.Request
[ERROR] /F:/KrunalDey/foodRescue/backend/src/main/java/com/foodrescue/api/controller/DonorController.java:[75,28] cannot find symbol
  symbol:   method getNgo()
  location: variable request of type com.foodrescue.api.model.Request
[ERROR] /F:/KrunalDey/foodRescue/backend/src/main/java/com/foodrescue/api/controller/DonorController.java:[79,26] cannot find symbol
  symbol:   method setRecipient(com.foodrescue.api.model.User)
  location: variable vNote of type com.foodrescue.api.model.Notification
[ERROR] /F:/KrunalDey/foodRescue/backend/src/main/java/com/foodrescue/api/controller/DonorController.java:[80,83] cannot find symbol
  symbol:   method getFoodItem()
  location: variable donation of type com.foodrescue.api.model.Donation
[ERROR] /F:/KrunalDey/foodRescue/backend/src/main/java/com/foodrescue/api/controller/DonorController.java:[81,26] cannot find symbol
  symbol:   method setType(java.lang.String)
  location: variable vNote of type com.foodrescue.api.model.Notification
[ERROR] /F:/KrunalDey/foodRescue/backend/src/main/java/com/foodrescue/api/controller/DonorController.java:[87,86] cannot find symbol
  symbol:   method getId()
  location: variable donation of type com.foodrescue.api.model.Donation
[ERROR] /F:/KrunalDey/foodRescue/backend/src/main/java/com/foodrescue/api/controller/DonorController.java:[89,27] cannot find symbol
  symbol:   method getId()
  location: variable other of type com.foodrescue.api.model.Request
[ERROR] /F:/KrunalDey/foodRescue/backend/src/main/java/com/foodrescue/api/controller/DonorController.java:[89,79] cannot find symbol
  symbol:   method getStatus()
  location: variable other of type com.foodrescue.api.model.Request
[ERROR] /F:/KrunalDey/foodRescue/backend/src/main/java/com/foodrescue/api/controller/DonorController.java:[90,26] cannot find symbol
  symbol:   method setStatus(java.lang.String)
  location: variable other of type com.foodrescue.api.model.Request
[ERROR] /F:/KrunalDey/foodRescue/backend/src/main/java/com/foodrescue/api/controller/DonorController.java:[91,26] cannot find symbol
  symbol:   method setDonorMessage(java.lang.String)
  location: variable other of type com.foodrescue.api.model.Request
[ERROR] /F:/KrunalDey/foodRescue/backend/src/main/java/com/foodrescue/api/controller/DonorController.java:[96,46] cannot find symbol
  symbol:   method getNgo()
  location: variable other of type com.foodrescue.api.model.Request
[ERROR] /F:/KrunalDey/foodRescue/backend/src/main/java/com/foodrescue/api/controller/DonorController.java:[97,77] cannot find symbol
  symbol:   method getFoodItem()
  location: variable donation of type com.foodrescue.api.model.Donation
[ERROR] /F:/KrunalDey/foodRescue/backend/src/main/java/com/foodrescue/api/controller/DonorController.java:[98,27] cannot find symbol
  symbol:   method setType(java.lang.String)
  location: variable nOther of type com.foodrescue.api.model.Notification
[ERROR] /F:/KrunalDey/foodRescue/backend/src/main/java/com/foodrescue/api/controller/DonorController.java:[105,35] cannot find symbol
  symbol:   method getNgo()
  location: variable request of type com.foodrescue.api.model.Request
[ERROR] /F:/KrunalDey/foodRescue/backend/src/main/java/com/foodrescue/api/controller/DonorController.java:[106,63] cannot find symbol
  symbol:   method getDonation()
  location: variable request of type com.foodrescue.api.model.Request
[ERROR] /F:/KrunalDey/foodRescue/backend/src/main/java/com/foodrescue/api/controller/DonorController.java:[107,14] cannot find symbol
  symbol:   method setType(java.lang.String)
  location: variable n of type com.foodrescue.api.model.Notification
[ERROR] /F:/KrunalDey/foodRescue/backend/src/main/java/com/foodrescue/api/controller/DonorController.java:[111,40] cannot find symbol
  symbol:   method getDonation()
  location: variable request of type com.foodrescue.api.model.Request
[ERROR] /F:/KrunalDey/foodRescue/backend/src/main/java/com/foodrescue/api/controller/DonorController.java:[112,88] cannot find symbol
  symbol:   method getId()
  location: variable donation of type com.foodrescue.api.model.Donation
[ERROR] /F:/KrunalDey/foodRescue/backend/src/main/java/com/foodrescue/api/controller/DonorController.java:[114,38] cannot find symbol
  symbol:   method getId()
  location: variable r of type com.foodrescue.api.model.Request
[ERROR] /F:/KrunalDey/foodRescue/backend/src/main/java/com/foodrescue/api/controller/DonorController.java:[114,86] cannot find symbol
  symbol:   method getStatus()
  location: variable r of type com.foodrescue.api.model.Request
[ERROR] /F:/KrunalDey/foodRescue/backend/src/main/java/com/foodrescue/api/controller/DonorController.java:[116,25] cannot find symbol
  symbol:   method setStatus(java.lang.String)
  location: variable donation of type com.foodrescue.api.model.Donation
[ERROR] /F:/KrunalDey/foodRescue/backend/src/main/java/com/foodrescue/api/controller/DonorController.java:[129,16] cannot find symbol
  symbol:   method setStatus(java.lang.String)
  location: variable request of type com.foodrescue.api.model.Request
[ERROR] /F:/KrunalDey/foodRescue/backend/src/main/java/com/foodrescue/api/controller/DonorController.java:[130,36] cannot find symbol
  symbol:   method getDonation()
  location: variable request of type com.foodrescue.api.model.Request
[ERROR] /F:/KrunalDey/foodRescue/backend/src/main/java/com/foodrescue/api/controller/DonorController.java:[131,17] cannot find symbol
  symbol:   method setStatus(java.lang.String)
  location: variable donation of type com.foodrescue.api.model.Donation
[ERROR] /F:/KrunalDey/foodRescue/backend/src/main/java/com/foodrescue/api/controller/DonorController.java:[135,31] cannot find symbol
  symbol:   method getNgo()
  location: variable request of type com.foodrescue.api.model.Request
[ERROR] /F:/KrunalDey/foodRescue/backend/src/main/java/com/foodrescue/api/controller/DonorController.java:[136,49] cannot find symbol
  symbol:   method getFoodItem()
  location: variable donation of type com.foodrescue.api.model.Donation
[ERROR] /F:/KrunalDey/foodRescue/backend/src/main/java/com/foodrescue/api/controller/DonorController.java:[137,10] cannot find symbol
  symbol:   method setType(java.lang.String)
  location: variable n of type com.foodrescue.api.model.Notification
[ERROR] /F:/KrunalDey/foodRescue/backend/src/main/java/com/foodrescue/api/controller/AdminController.java:[28,69] cannot find symbol
  symbol:   method getRole()
  location: variable u of type com.foodrescue.api.model.User
[ERROR] /F:/KrunalDey/foodRescue/backend/src/main/java/com/foodrescue/api/controller/AdminController.java:[29,65] cannot find symbol
  symbol:   method getRole()
  location: variable u of type com.foodrescue.api.model.User
[ERROR] /F:/KrunalDey/foodRescue/backend/src/main/java/com/foodrescue/api/controller/AdminController.java:[30,56] cannot find symbol
  symbol:   method isVerified()
  location: variable u of type com.foodrescue.api.model.User
[ERROR] /F:/KrunalDey/foodRescue/backend/src/main/java/com/foodrescue/api/controller/AdminController.java:[30,74] cannot find symbol
  symbol:   method isEmailVerified()
  location: variable u of type com.foodrescue.api.model.User
[ERROR] /F:/KrunalDey/foodRescue/backend/src/main/java/com/foodrescue/api/controller/AdminController.java:[30,113] cannot find symbol
  symbol:   method getRole()
  location: variable u of type com.foodrescue.api.model.User
[ERROR] /F:/KrunalDey/foodRescue/backend/src/main/java/com/foodrescue/api/controller/AdminController.java:[55,13] cannot find symbol
  symbol:   method setVerified(boolean)
  location: variable user of type com.foodrescue.api.model.User
[ERROR] /F:/KrunalDey/foodRescue/backend/src/main/java/com/foodrescue/api/controller/AdminController.java:[59,10] cannot find symbol
  symbol:   method setRecipient(com.foodrescue.api.model.User)
  location: variable n of type com.foodrescue.api.model.Notification
[ERROR] /F:/KrunalDey/foodRescue/backend/src/main/java/com/foodrescue/api/controller/AdminController.java:[60,10] cannot find symbol
  symbol:   method setMessage(java.lang.String)
  location: variable n of type com.foodrescue.api.model.Notification
[ERROR] /F:/KrunalDey/foodRescue/backend/src/main/java/com/foodrescue/api/controller/AdminController.java:[61,10] cannot find symbol
  symbol:   method setType(java.lang.String)
  location: variable n of type com.foodrescue.api.model.Notification
[ERROR] /F:/KrunalDey/foodRescue/backend/src/main/java/com/foodrescue/api/controller/DeliveryController.java:[52,77] cannot find symbol
  symbol:   method getId()
  location: variable ngo of type com.foodrescue.api.model.User
[ERROR] /F:/KrunalDey/foodRescue/backend/src/main/java/com/foodrescue/api/controller/DeliveryController.java:[87,21] cannot find symbol
  symbol:   method setVolunteer(com.foodrescue.api.model.User)
  location: variable delivery of type com.foodrescue.api.model.Delivery
[ERROR] /F:/KrunalDey/foodRescue/backend/src/main/java/com/foodrescue/api/controller/DeliveryController.java:[88,21] cannot find symbol
  symbol:   method setStatus(java.lang.String)
  location: variable delivery of type com.foodrescue.api.model.Delivery
[ERROR] /F:/KrunalDey/foodRescue/backend/src/main/java/com/foodrescue/api/controller/DeliveryController.java:[89,21] cannot find symbol
  symbol:   method setUpdatedAt(java.time.LocalDateTime)
  location: variable delivery of type com.foodrescue.api.model.Delivery
[ERROR] /F:/KrunalDey/foodRescue/backend/src/main/java/com/foodrescue/api/controller/DeliveryController.java:[94,21] cannot find symbol
  symbol:   method setPickupOtp(java.lang.String)
  location: variable delivery of type com.foodrescue.api.model.Delivery
[ERROR] /F:/KrunalDey/foodRescue/backend/src/main/java/com/foodrescue/api/controller/DeliveryController.java:[99,25] cannot find symbol
  symbol:   method getRequest()
  location: variable delivery of type com.foodrescue.api.model.Delivery
[ERROR] /F:/KrunalDey/foodRescue/backend/src/main/java/com/foodrescue/api/controller/DeliveryController.java:[99,58] cannot find symbol
  symbol:   method getRequest()
  location: variable delivery of type com.foodrescue.api.model.Delivery
[ERROR] /F:/KrunalDey/foodRescue/backend/src/main/java/com/foodrescue/api/controller/DeliveryController.java:[100,38] cannot find symbol
  symbol:   method getRequest()
  location: variable delivery of type com.foodrescue.api.model.Delivery
[ERROR] /F:/KrunalDey/foodRescue/backend/src/main/java/com/foodrescue/api/controller/DeliveryController.java:[103,52] cannot find symbol
  symbol:   method getName()
  location: variable volunteer of type com.foodrescue.api.model.User
[ERROR] /F:/KrunalDey/foodRescue/backend/src/main/java/com/foodrescue/api/controller/DeliveryController.java:[104,33] cannot find symbol
  symbol:   method getRequest()
  location: variable delivery of type com.foodrescue.api.model.Delivery
[ERROR] /F:/KrunalDey/foodRescue/backend/src/main/java/com/foodrescue/api/controller/DeliveryController.java:[102,56] cannot find symbol
  symbol:   method getEmail()
  location: variable donor of type com.foodrescue.api.model.User
[ERROR] /F:/KrunalDey/foodRescue/backend/src/main/java/com/foodrescue/api/controller/DeliveryController.java:[119,25] cannot find symbol
  symbol:   method getPickupOtp()
  location: variable delivery of type com.foodrescue.api.model.Delivery
[ERROR] /F:/KrunalDey/foodRescue/backend/src/main/java/com/foodrescue/api/controller/DeliveryController.java:[119,60] cannot find symbol
  symbol:   method getPickupOtp()
  location: variable delivery of type com.foodrescue.api.model.Delivery
[ERROR] /F:/KrunalDey/foodRescue/backend/src/main/java/com/foodrescue/api/controller/DeliveryController.java:[120,25] cannot find symbol
  symbol:   method setStatus(java.lang.String)
  location: variable delivery of type com.foodrescue.api.model.Delivery
[ERROR] /F:/KrunalDey/foodRescue/backend/src/main/java/com/foodrescue/api/controller/DeliveryController.java:[121,25] cannot find symbol
  symbol:   method setUpdatedAt(java.time.LocalDateTime)
  location: variable delivery of type com.foodrescue.api.model.Delivery
[ERROR] /F:/KrunalDey/foodRescue/backend/src/main/java/com/foodrescue/api/controller/DeliveryController.java:[124,29] cannot find symbol
  symbol:   method getRequest()
  location: variable delivery of type com.foodrescue.api.model.Delivery
[ERROR] /F:/KrunalDey/foodRescue/backend/src/main/java/com/foodrescue/api/controller/DeliveryController.java:[124,62] cannot find symbol
  symbol:   method getRequest()
  location: variable delivery of type com.foodrescue.api.model.Delivery
[ERROR] /F:/KrunalDey/foodRescue/backend/src/main/java/com/foodrescue/api/controller/DeliveryController.java:[129,53] cannot find symbol
  symbol:   method getVolunteer()
  location: variable delivery of type com.foodrescue.api.model.Delivery
[ERROR] /F:/KrunalDey/foodRescue/backend/src/main/java/com/foodrescue/api/controller/DeliveryController.java:[129,87] cannot find symbol
  symbol:   method getVolunteer()
  location: variable delivery of type com.foodrescue.api.model.Delivery
[ERROR] /F:/KrunalDey/foodRescue/backend/src/main/java/com/foodrescue/api/controller/DeliveryController.java:[127,37] cannot find symbol
  symbol:   method getRequest()
  location: variable delivery of type com.foodrescue.api.model.Delivery
[ERROR] /F:/KrunalDey/foodRescue/backend/src/main/java/com/foodrescue/api/controller/DeliveryController.java:[145,21] cannot find symbol
  symbol:   method setNgoVerified(boolean)
  location: variable delivery of type com.foodrescue.api.model.Delivery
[ERROR] /F:/KrunalDey/foodRescue/backend/src/main/java/com/foodrescue/api/controller/DeliveryController.java:[146,47] cannot find symbol
  symbol:   method getStatus()
  location: variable delivery of type com.foodrescue.api.model.Delivery
[ERROR] /F:/KrunalDey/foodRescue/backend/src/main/java/com/foodrescue/api/controller/DeliveryController.java:[147,25] cannot find symbol
  symbol:   method setStatus(java.lang.String)
  location: variable delivery of type com.foodrescue.api.model.Delivery
[ERROR] /F:/KrunalDey/foodRescue/backend/src/main/java/com/foodrescue/api/controller/DeliveryController.java:[148,25] cannot find symbol
  symbol:   method setPickedUpAt(java.time.LocalDateTime)
  location: variable delivery of type com.foodrescue.api.model.Delivery
[ERROR] /F:/KrunalDey/foodRescue/backend/src/main/java/com/foodrescue/api/controller/DeliveryController.java:[150,29] cannot find symbol
  symbol:   method getRequest()
  location: variable delivery of type com.foodrescue.api.model.Delivery
[ERROR] /F:/KrunalDey/foodRescue/backend/src/main/java/com/foodrescue/api/controller/DeliveryController.java:[150,62] cannot find symbol
  symbol:   method getRequest()
  location: variable delivery of type com.foodrescue.api.model.Delivery
[ERROR] /F:/KrunalDey/foodRescue/backend/src/main/java/com/foodrescue/api/controller/DeliveryController.java:[151,47] cannot find symbol
  symbol:   method getRequest()
  location: variable delivery of type com.foodrescue.api.model.Delivery
[ERROR] /F:/KrunalDey/foodRescue/backend/src/main/java/com/foodrescue/api/controller/DeliveryController.java:[155,33] cannot find symbol
  symbol:   method getRequest()
  location: variable delivery of type com.foodrescue.api.model.Delivery
[ERROR] /F:/KrunalDey/foodRescue/backend/src/main/java/com/foodrescue/api/controller/DeliveryController.java:[157,49] cannot find symbol
  symbol:   method getRequest()
  location: variable delivery of type com.foodrescue.api.model.Delivery
[ERROR] /F:/KrunalDey/foodRescue/backend/src/main/java/com/foodrescue/api/controller/DeliveryController.java:[158,27] cannot find symbol
  symbol:   method setMessage(java.lang.String)
  location: variable n1 of type com.foodrescue.api.model.Notification
[ERROR] /F:/KrunalDey/foodRescue/backend/src/main/java/com/foodrescue/api/controller/DeliveryController.java:[159,27] cannot find symbol
  symbol:   method setType(java.lang.String)
  location: variable n1 of type com.foodrescue.api.model.Notification
[ERROR] /F:/KrunalDey/foodRescue/backend/src/main/java/com/foodrescue/api/controller/DeliveryController.java:[163,33] cannot find symbol
  symbol:   method getRequest()
  location: variable delivery of type com.foodrescue.api.model.Delivery
[ERROR] /F:/KrunalDey/foodRescue/backend/src/main/java/com/foodrescue/api/controller/DeliveryController.java:[165,49] cannot find symbol
  symbol:   method getRequest()
  location: variable delivery of type com.foodrescue.api.model.Delivery
[ERROR] /F:/KrunalDey/foodRescue/backend/src/main/java/com/foodrescue/api/controller/DeliveryController.java:[166,27] cannot find symbol
  symbol:   method setMessage(java.lang.String)
  location: variable n2 of type com.foodrescue.api.model.Notification
[ERROR] /F:/KrunalDey/foodRescue/backend/src/main/java/com/foodrescue/api/controller/DeliveryController.java:[167,27] cannot find symbol
  symbol:   method setType(java.lang.String)
  location: variable n2 of type com.foodrescue.api.model.Notification
[ERROR] /F:/KrunalDey/foodRescue/backend/src/main/java/com/foodrescue/api/controller/DeliveryController.java:[173,37] cannot find symbol
  symbol:   method getVolunteer()
  location: variable delivery of type com.foodrescue.api.model.Delivery
[ERROR] /F:/KrunalDey/foodRescue/backend/src/main/java/com/foodrescue/api/controller/DeliveryController.java:[174,67] cannot find symbol
  symbol:   method getVolunteer()
  location: variable delivery of type com.foodrescue.api.model.Delivery
[ERROR] /F:/KrunalDey/foodRescue/backend/src/main/java/com/foodrescue/api/controller/DeliveryController.java:[176,37] cannot find symbol
  symbol:   method getRequest()
  location: variable delivery of type com.foodrescue.api.model.Delivery
[ERROR] /F:/KrunalDey/foodRescue/backend/src/main/java/com/foodrescue/api/controller/DeliveryController.java:[177,69] cannot find symbol
  symbol:   method getRequest()
  location: variable delivery of type com.foodrescue.api.model.Delivery
[ERROR] /F:/KrunalDey/foodRescue/backend/src/main/java/com/foodrescue/api/controller/DeliveryController.java:[179,37] cannot find symbol
  symbol:   method getRequest()
  location: variable delivery of type com.foodrescue.api.model.Delivery
[ERROR] /F:/KrunalDey/foodRescue/backend/src/main/java/com/foodrescue/api/controller/DeliveryController.java:[180,69] cannot find symbol
  symbol:   method getRequest()
  location: variable delivery of type com.foodrescue.api.model.Delivery
[ERROR] /F:/KrunalDey/foodRescue/backend/src/main/java/com/foodrescue/api/controller/DeliveryController.java:[187,21] cannot find symbol
  symbol:   method setUpdatedAt(java.time.LocalDateTime)
  location: variable delivery of type com.foodrescue.api.model.Delivery
[ERROR] /F:/KrunalDey/foodRescue/backend/src/main/java/com/foodrescue/api/controller/DeliveryController.java:[196,42] cannot find symbol
  symbol:   method getStatus()
  location: variable delivery of type com.foodrescue.api.model.Delivery
[ERROR] /F:/KrunalDey/foodRescue/backend/src/main/java/com/foodrescue/api/controller/DeliveryController.java:[196,86] cannot find symbol
  symbol:   method getStatus()
  location: variable delivery of type com.foodrescue.api.model.Delivery
[ERROR] /F:/KrunalDey/foodRescue/backend/src/main/java/com/foodrescue/api/controller/DeliveryController.java:[199,21] cannot find symbol
  symbol:   method setCurrentCoordinates(double[])
  location: variable delivery of type com.foodrescue.api.model.Delivery
[ERROR] /F:/KrunalDey/foodRescue/backend/src/main/java/com/foodrescue/api/controller/DeliveryController.java:[200,21] cannot find symbol
  symbol:   method setUpdatedAt(java.time.LocalDateTime)
  location: variable delivery of type com.foodrescue.api.model.Delivery
[ERROR] /F:/KrunalDey/foodRescue/backend/src/main/java/com/foodrescue/api/controller/DeliveryController.java:[208,21] cannot find symbol
  symbol:   method setStatus(java.lang.String)
  location: variable delivery of type com.foodrescue.api.model.Delivery
[ERROR] /F:/KrunalDey/foodRescue/backend/src/main/java/com/foodrescue/api/controller/DeliveryController.java:[209,21] cannot find symbol
  symbol:   method setDeliveredAt(java.time.LocalDateTime)
  location: variable delivery of type com.foodrescue.api.model.Delivery
[ERROR] /F:/KrunalDey/foodRescue/backend/src/main/java/com/foodrescue/api/controller/DeliveryController.java:[210,21] cannot find symbol
  symbol:   method setUpdatedAt(java.time.LocalDateTime)
  location: variable delivery of type com.foodrescue.api.model.Delivery
[ERROR] /F:/KrunalDey/foodRescue/backend/src/main/java/com/foodrescue/api/controller/DeliveryController.java:[215,59] cannot find symbol
  symbol:   method getRequest()
  location: variable delivery of type com.foodrescue.api.model.Delivery
[INFO] 100 errors 
[INFO] -------------------------------------------------------------
[INFO] ------------------------------------------------------------------------
[INFO] BUILD FAILURE
[INFO] ------------------------------------------------------------------------
[INFO] Total time:  4.142 s
[INFO] Finished at: 2026-05-03T08:24:44+05:30
[INFO] ------------------------------------------------------------------------
[ERROR] Failed to execute goal org.apache.maven.plugins:maven-compiler-plugin:3.10.1:compile (default-compile) on project api: Compilation failure: Compilation failure: 
[ERROR] /F:/KrunalDey/foodRescue/backend/src/main/java/com/foodrescue/api/controller/DonorController.java:[36,77] cannot find symbol
[ERROR]   symbol:   method getId()
[ERROR]   location: variable donation of type com.foodrescue.api.model.Donation
[ERROR] /F:/KrunalDey/foodRescue/backend/src/main/java/com/foodrescue/api/controller/DonorController.java:[46,16] cannot find symbol
[ERROR]   symbol:   method setStatus(java.lang.String)
[ERROR]   location: variable request of type com.foodrescue.api.model.Request
[ERROR] /F:/KrunalDey/foodRescue/backend/src/main/java/com/foodrescue/api/controller/DonorController.java:[48,20] cannot find symbol
[ERROR]   symbol:   method setDonorMessage(java.lang.String)
[ERROR]   location: variable request of type com.foodrescue.api.model.Request
[ERROR] /F:/KrunalDey/foodRescue/backend/src/main/java/com/foodrescue/api/controller/DonorController.java:[50,16] cannot find symbol
[ERROR]   symbol:   method setRespondedAt(java.time.LocalDateTime)
[ERROR]   location: variable request of type com.foodrescue.api.model.Request
[ERROR] /F:/KrunalDey/foodRescue/backend/src/main/java/com/foodrescue/api/controller/DonorController.java:[53,40] cannot find symbol
[ERROR]   symbol:   method getDonation()
[ERROR]   location: variable request of type com.foodrescue.api.model.Request
[ERROR] /F:/KrunalDey/foodRescue/backend/src/main/java/com/foodrescue/api/controller/DonorController.java:[54,21] cannot find symbol
[ERROR]   symbol:   method setStatus(java.lang.String)
[ERROR]   location: variable donation of type com.foodrescue.api.model.Donation
[ERROR] /F:/KrunalDey/foodRescue/backend/src/main/java/com/foodrescue/api/controller/DonorController.java:[59,35] cannot find symbol
[ERROR]   symbol:   method getNgo()
[ERROR]   location: variable request of type com.foodrescue.api.model.Request
[ERROR] /F:/KrunalDey/foodRescue/backend/src/main/java/com/foodrescue/api/controller/DonorController.java:[60,64] cannot find symbol
[ERROR]   symbol:   method getFoodItem()
[ERROR]   location: variable donation of type com.foodrescue.api.model.Donation
[ERROR] /F:/KrunalDey/foodRescue/backend/src/main/java/com/foodrescue/api/controller/DonorController.java:[60,117] cannot find symbol
[ERROR]   symbol:   method getDonor()
[ERROR]   location: variable donation of type com.foodrescue.api.model.Donation
[ERROR] /F:/KrunalDey/foodRescue/backend/src/main/java/com/foodrescue/api/controller/DonorController.java:[61,14] cannot find symbol
[ERROR]   symbol:   method setType(java.lang.String)
[ERROR]   location: variable n of type com.foodrescue.api.model.Notification
[ERROR] /F:/KrunalDey/foodRescue/backend/src/main/java/com/foodrescue/api/controller/DonorController.java:[66,21] cannot find symbol
[ERROR]   symbol:   method setRequest(com.foodrescue.api.model.Request)
[ERROR]   location: variable delivery of type com.foodrescue.api.model.Delivery
[ERROR] /F:/KrunalDey/foodRescue/backend/src/main/java/com/foodrescue/api/controller/DonorController.java:[67,21] cannot find symbol
[ERROR]   symbol:   method setStatus(java.lang.String)
[ERROR]   location: variable delivery of type com.foodrescue.api.model.Delivery
[ERROR] /F:/KrunalDey/foodRescue/backend/src/main/java/com/foodrescue/api/controller/DonorController.java:[68,45] cannot find symbol
[ERROR]   symbol:   method getPickupLocation()
[ERROR]   location: variable donation of type com.foodrescue.api.model.Donation
[ERROR] /F:/KrunalDey/foodRescue/backend/src/main/java/com/foodrescue/api/controller/DonorController.java:[69,46] cannot find symbol
[ERROR]   symbol:   method getNgo()
[ERROR]   location: variable request of type com.foodrescue.api.model.Request
[ERROR] /F:/KrunalDey/foodRescue/backend/src/main/java/com/foodrescue/api/controller/DonorController.java:[73,24] cannot find symbol
[ERROR]   symbol:   method getNgo()
[ERROR]   location: variable request of type com.foodrescue.api.model.Request
[ERROR] /F:/KrunalDey/foodRescue/backend/src/main/java/com/foodrescue/api/controller/DonorController.java:[75,28] cannot find symbol
[ERROR]   symbol:   method getNgo()
[ERROR]   location: variable request of type com.foodrescue.api.model.Request
[ERROR] /F:/KrunalDey/foodRescue/backend/src/main/java/com/foodrescue/api/controller/DonorController.java:[79,26] cannot find symbol
[ERROR]   symbol:   method setRecipient(com.foodrescue.api.model.User)
[ERROR]   location: variable vNote of type com.foodrescue.api.model.Notification
[ERROR] /F:/KrunalDey/foodRescue/backend/src/main/java/com/foodrescue/api/controller/DonorController.java:[80,83] cannot find symbol
[ERROR]   symbol:   method getFoodItem()
[ERROR]   location: variable donation of type com.foodrescue.api.model.Donation
[ERROR] /F:/KrunalDey/foodRescue/backend/src/main/java/com/foodrescue/api/controller/DonorController.java:[81,26] cannot find symbol
[ERROR]   symbol:   method setType(java.lang.String)
[ERROR]   location: variable vNote of type com.foodrescue.api.model.Notification
[ERROR] /F:/KrunalDey/foodRescue/backend/src/main/java/com/foodrescue/api/controller/DonorController.java:[87,86] cannot find symbol
[ERROR]   symbol:   method getId()
[ERROR]   location: variable donation of type com.foodrescue.api.model.Donation
[ERROR] /F:/KrunalDey/foodRescue/backend/src/main/java/com/foodrescue/api/controller/DonorController.java:[89,27] cannot find symbol
[ERROR]   symbol:   method getId()
[ERROR]   location: variable other of type com.foodrescue.api.model.Request
[ERROR] /F:/KrunalDey/foodRescue/backend/src/main/java/com/foodrescue/api/controller/DonorController.java:[89,79] cannot find symbol
[ERROR]   symbol:   method getStatus()
[ERROR]   location: variable other of type com.foodrescue.api.model.Request
[ERROR] /F:/KrunalDey/foodRescue/backend/src/main/java/com/foodrescue/api/controller/DonorController.java:[90,26] cannot find symbol
[ERROR]   symbol:   method setStatus(java.lang.String)
[ERROR]   location: variable other of type com.foodrescue.api.model.Request
[ERROR] /F:/KrunalDey/foodRescue/backend/src/main/java/com/foodrescue/api/controller/DonorController.java:[91,26] cannot find symbol
[ERROR]   symbol:   method setDonorMessage(java.lang.String)
[ERROR]   location: variable other of type com.foodrescue.api.model.Request
[ERROR] /F:/KrunalDey/foodRescue/backend/src/main/java/com/foodrescue/api/controller/DonorController.java:[96,46] cannot find symbol
[ERROR]   symbol:   method getNgo()
[ERROR]   location: variable other of type com.foodrescue.api.model.Request
[ERROR] /F:/KrunalDey/foodRescue/backend/src/main/java/com/foodrescue/api/controller/DonorController.java:[97,77] cannot find symbol
[ERROR]   symbol:   method getFoodItem()
[ERROR]   location: variable donation of type com.foodrescue.api.model.Donation
[ERROR] /F:/KrunalDey/foodRescue/backend/src/main/java/com/foodrescue/api/controller/DonorController.java:[98,27] cannot find symbol
[ERROR]   symbol:   method setType(java.lang.String)
[ERROR]   location: variable nOther of type com.foodrescue.api.model.Notification
[ERROR] /F:/KrunalDey/foodRescue/backend/src/main/java/com/foodrescue/api/controller/DonorController.java:[105,35] cannot find symbol
[ERROR]   symbol:   method getNgo()
[ERROR]   location: variable request of type com.foodrescue.api.model.Request
[ERROR] /F:/KrunalDey/foodRescue/backend/src/main/java/com/foodrescue/api/controller/DonorController.java:[106,63] cannot find symbol
[ERROR]   symbol:   method getDonation()
[ERROR]   location: variable request of type com.foodrescue.api.model.Request
[ERROR] /F:/KrunalDey/foodRescue/backend/src/main/java/com/foodrescue/api/controller/DonorController.java:[107,14] cannot find symbol
[ERROR]   symbol:   method setType(java.lang.String)
[ERROR]   location: variable n of type com.foodrescue.api.model.Notification
[ERROR] /F:/KrunalDey/foodRescue/backend/src/main/java/com/foodrescue/api/controller/DonorController.java:[111,40] cannot find symbol
[ERROR]   symbol:   method getDonation()
[ERROR]   location: variable request of type com.foodrescue.api.model.Request
[ERROR] /F:/KrunalDey/foodRescue/backend/src/main/java/com/foodrescue/api/controller/DonorController.java:[112,88] cannot find symbol
[ERROR]   symbol:   method getId()
[ERROR]   location: variable donation of type com.foodrescue.api.model.Donation
[ERROR] /F:/KrunalDey/foodRescue/backend/src/main/java/com/foodrescue/api/controller/DonorController.java:[114,38] cannot find symbol
[ERROR]   symbol:   method getId()
[ERROR]   location: variable r of type com.foodrescue.api.model.Request
[ERROR] /F:/KrunalDey/foodRescue/backend/src/main/java/com/foodrescue/api/controller/DonorController.java:[114,86] cannot find symbol
[ERROR]   symbol:   method getStatus()
[ERROR]   location: variable r of type com.foodrescue.api.model.Request
[ERROR] /F:/KrunalDey/foodRescue/backend/src/main/java/com/foodrescue/api/controller/DonorController.java:[116,25] cannot find symbol
[ERROR]   symbol:   method setStatus(java.lang.String)
[ERROR]   location: variable donation of type com.foodrescue.api.model.Donation
[ERROR] /F:/KrunalDey/foodRescue/backend/src/main/java/com/foodrescue/api/controller/DonorController.java:[129,16] cannot find symbol
[ERROR]   symbol:   method setStatus(java.lang.String)
[ERROR]   location: variable request of type com.foodrescue.api.model.Request
[ERROR] /F:/KrunalDey/foodRescue/backend/src/main/java/com/foodrescue/api/controller/DonorController.java:[130,36] cannot find symbol
[ERROR]   symbol:   method getDonation()
[ERROR]   location: variable request of type com.foodrescue.api.model.Request
[ERROR] /F:/KrunalDey/foodRescue/backend/src/main/java/com/foodrescue/api/controller/DonorController.java:[131,17] cannot find symbol
[ERROR]   symbol:   method setStatus(java.lang.String)
[ERROR]   location: variable donation of type com.foodrescue.api.model.Donation
[ERROR] /F:/KrunalDey/foodRescue/backend/src/main/java/com/foodrescue/api/controller/DonorController.java:[135,31] cannot find symbol
[ERROR]   symbol:   method getNgo()
[ERROR]   location: variable request of type com.foodrescue.api.model.Request
[ERROR] /F:/KrunalDey/foodRescue/backend/src/main/java/com/foodrescue/api/controller/DonorController.java:[136,49] cannot find symbol
[ERROR]   symbol:   method getFoodItem()
[ERROR]   location: variable donation of type com.foodrescue.api.model.Donation
[ERROR] /F:/KrunalDey/foodRescue/backend/src/main/java/com/foodrescue/api/controller/DonorController.java:[137,10] cannot find symbol
[ERROR]   symbol:   method setType(java.lang.String)
[ERROR]   location: variable n of type com.foodrescue.api.model.Notification
[ERROR] /F:/KrunalDey/foodRescue/backend/src/main/java/com/foodrescue/api/controller/AdminController.java:[28,69] cannot find symbol
[ERROR]   symbol:   method getRole()
[ERROR]   location: variable u of type com.foodrescue.api.model.User
[ERROR] /F:/KrunalDey/foodRescue/backend/src/main/java/com/foodrescue/api/controller/AdminController.java:[29,65] cannot find symbol
[ERROR]   symbol:   method getRole()
[ERROR]   location: variable u of type com.foodrescue.api.model.User
[ERROR] /F:/KrunalDey/foodRescue/backend/src/main/java/com/foodrescue/api/controller/AdminController.java:[30,56] cannot find symbol
[ERROR]   symbol:   method isVerified()
[ERROR]   location: variable u of type com.foodrescue.api.model.User
[ERROR] /F:/KrunalDey/foodRescue/backend/src/main/java/com/foodrescue/api/controller/AdminController.java:[30,74] cannot find symbol
[ERROR]   symbol:   method isEmailVerified()
[ERROR]   location: variable u of type com.foodrescue.api.model.User
[ERROR] /F:/KrunalDey/foodRescue/backend/src/main/java/com/foodrescue/api/controller/AdminController.java:[30,113] cannot find symbol
[ERROR]   symbol:   method getRole()
[ERROR]   location: variable u of type com.foodrescue.api.model.User
[ERROR] /F:/KrunalDey/foodRescue/backend/src/main/java/com/foodrescue/api/controller/AdminController.java:[55,13] cannot find symbol
[ERROR]   symbol:   method setVerified(boolean)
[ERROR]   location: variable user of type com.foodrescue.api.model.User
[ERROR] /F:/KrunalDey/foodRescue/backend/src/main/java/com/foodrescue/api/controller/AdminController.java:[59,10] cannot find symbol
[ERROR]   symbol:   method setRecipient(com.foodrescue.api.model.User)
[ERROR]   location: variable n of type com.foodrescue.api.model.Notification
[ERROR] /F:/KrunalDey/foodRescue/backend/src/main/java/com/foodrescue/api/controller/AdminController.java:[60,10] cannot find symbol
[ERROR]   symbol:   method setMessage(java.lang.String)
[ERROR]   location: variable n of type com.foodrescue.api.model.Notification
[ERROR] /F:/KrunalDey/foodRescue/backend/src/main/java/com/foodrescue/api/controller/AdminController.java:[61,10] cannot find symbol
[ERROR]   symbol:   method setType(java.lang.String)
[ERROR]   location: variable n of type com.foodrescue.api.model.Notification
[ERROR] /F:/KrunalDey/foodRescue/backend/src/main/java/com/foodrescue/api/controller/DeliveryController.java:[52,77] cannot find symbol
[ERROR]   symbol:   method getId()
[ERROR]   location: variable ngo of type com.foodrescue.api.model.User
[ERROR] /F:/KrunalDey/foodRescue/backend/src/main/java/com/foodrescue/api/controller/DeliveryController.java:[87,21] cannot find symbol
[ERROR]   symbol:   method setVolunteer(com.foodrescue.api.model.User)
[ERROR]   location: variable delivery of type com.foodrescue.api.model.Delivery
[ERROR] /F:/KrunalDey/foodRescue/backend/src/main/java/com/foodrescue/api/controller/DeliveryController.java:[88,21] cannot find symbol
[ERROR]   symbol:   method setStatus(java.lang.String)
[ERROR]   location: variable delivery of type com.foodrescue.api.model.Delivery
[ERROR] /F:/KrunalDey/foodRescue/backend/src/main/java/com/foodrescue/api/controller/DeliveryController.java:[89,21] cannot find symbol
[ERROR]   symbol:   method setUpdatedAt(java.time.LocalDateTime)
[ERROR]   location: variable delivery of type com.foodrescue.api.model.Delivery
[ERROR] /F:/KrunalDey/foodRescue/backend/src/main/java/com/foodrescue/api/controller/DeliveryController.java:[94,21] cannot find symbol
[ERROR]   symbol:   method setPickupOtp(java.lang.String)
[ERROR]   location: variable delivery of type com.foodrescue.api.model.Delivery
[ERROR] /F:/KrunalDey/foodRescue/backend/src/main/java/com/foodrescue/api/controller/DeliveryController.java:[99,25] cannot find symbol
[ERROR]   symbol:   method getRequest()
[ERROR]   location: variable delivery of type com.foodrescue.api.model.Delivery
[ERROR] /F:/KrunalDey/foodRescue/backend/src/main/java/com/foodrescue/api/controller/DeliveryController.java:[99,58] cannot find symbol
[ERROR]   symbol:   method getRequest()
[ERROR]   location: variable delivery of type com.foodrescue.api.model.Delivery
[ERROR] /F:/KrunalDey/foodRescue/backend/src/main/java/com/foodrescue/api/controller/DeliveryController.java:[100,38] cannot find symbol
[ERROR]   symbol:   method getRequest()
[ERROR]   location: variable delivery of type com.foodrescue.api.model.Delivery
[ERROR] /F:/KrunalDey/foodRescue/backend/src/main/java/com/foodrescue/api/controller/DeliveryController.java:[103,52] cannot find symbol
[ERROR]   symbol:   method getName()
[ERROR]   location: variable volunteer of type com.foodrescue.api.model.User
[ERROR] /F:/KrunalDey/foodRescue/backend/src/main/java/com/foodrescue/api/controller/DeliveryController.java:[104,33] cannot find symbol
[ERROR]   symbol:   method getRequest()
[ERROR]   location: variable delivery of type com.foodrescue.api.model.Delivery
[ERROR] /F:/KrunalDey/foodRescue/backend/src/main/java/com/foodrescue/api/controller/DeliveryController.java:[102,56] cannot find symbol
[ERROR]   symbol:   method getEmail()
[ERROR]   location: variable donor of type com.foodrescue.api.model.User
[ERROR] /F:/KrunalDey/foodRescue/backend/src/main/java/com/foodrescue/api/controller/DeliveryController.java:[119,25] cannot find symbol
[ERROR]   symbol:   method getPickupOtp()
[ERROR]   location: variable delivery of type com.foodrescue.api.model.Delivery
[ERROR] /F:/KrunalDey/foodRescue/backend/src/main/java/com/foodrescue/api/controller/DeliveryController.java:[119,60] cannot find symbol
[ERROR]   symbol:   method getPickupOtp()
[ERROR]   location: variable delivery of type com.foodrescue.api.model.Delivery
[ERROR] /F:/KrunalDey/foodRescue/backend/src/main/java/com/foodrescue/api/controller/DeliveryController.java:[120,25] cannot find symbol
[ERROR]   symbol:   method setStatus(java.lang.String)
[ERROR]   location: variable delivery of type com.foodrescue.api.model.Delivery
[ERROR] /F:/KrunalDey/foodRescue/backend/src/main/java/com/foodrescue/api/controller/DeliveryController.java:[121,25] cannot find symbol
[ERROR]   symbol:   method setUpdatedAt(java.time.LocalDateTime)
[ERROR]   location: variable delivery of type com.foodrescue.api.model.Delivery
[ERROR] /F:/KrunalDey/foodRescue/backend/src/main/java/com/foodrescue/api/controller/DeliveryController.java:[124,29] cannot find symbol
[ERROR]   symbol:   method getRequest()
[ERROR]   location: variable delivery of type com.foodrescue.api.model.Delivery
[ERROR] /F:/KrunalDey/foodRescue/backend/src/main/java/com/foodrescue/api/controller/DeliveryController.java:[124,62] cannot find symbol
[ERROR]   symbol:   method getRequest()
[ERROR]   location: variable delivery of type com.foodrescue.api.model.Delivery
[ERROR] /F:/KrunalDey/foodRescue/backend/src/main/java/com/foodrescue/api/controller/DeliveryController.java:[129,53] cannot find symbol
[ERROR]   symbol:   method getVolunteer()
[ERROR]   location: variable delivery of type com.foodrescue.api.model.Delivery
[ERROR] /F:/KrunalDey/foodRescue/backend/src/main/java/com/foodrescue/api/controller/DeliveryController.java:[129,87] cannot find symbol
[ERROR]   symbol:   method getVolunteer()
[ERROR]   location: variable delivery of type com.foodrescue.api.model.Delivery
[ERROR] /F:/KrunalDey/foodRescue/backend/src/main/java/com/foodrescue/api/controller/DeliveryController.java:[127,37] cannot find symbol
[ERROR]   symbol:   method getRequest()
[ERROR]   location: variable delivery of type com.foodrescue.api.model.Delivery
[ERROR] /F:/KrunalDey/foodRescue/backend/src/main/java/com/foodrescue/api/controller/DeliveryController.java:[145,21] cannot find symbol
[ERROR]   symbol:   method setNgoVerified(boolean)
[ERROR]   location: variable delivery of type com.foodrescue.api.model.Delivery
[ERROR] /F:/KrunalDey/foodRescue/backend/src/main/java/com/foodrescue/api/controller/DeliveryController.java:[146,47] cannot find symbol
[ERROR]   symbol:   method getStatus()
[ERROR]   location: variable delivery of type com.foodrescue.api.model.Delivery
[ERROR] /F:/KrunalDey/foodRescue/backend/src/main/java/com/foodrescue/api/controller/DeliveryController.java:[147,25] cannot find symbol
[ERROR]   symbol:   method setStatus(java.lang.String)
[ERROR]   location: variable delivery of type com.foodrescue.api.model.Delivery
[ERROR] /F:/KrunalDey/foodRescue/backend/src/main/java/com/foodrescue/api/controller/DeliveryController.java:[148,25] cannot find symbol
[ERROR]   symbol:   method setPickedUpAt(java.time.LocalDateTime)
[ERROR]   location: variable delivery of type com.foodrescue.api.model.Delivery
[ERROR] /F:/KrunalDey/foodRescue/backend/src/main/java/com/foodrescue/api/controller/DeliveryController.java:[150,29] cannot find symbol
[ERROR]   symbol:   method getRequest()
[ERROR]   location: variable delivery of type com.foodrescue.api.model.Delivery
[ERROR] /F:/KrunalDey/foodRescue/backend/src/main/java/com/foodrescue/api/controller/DeliveryController.java:[150,62] cannot find symbol
[ERROR]   symbol:   method getRequest()
[ERROR]   location: variable delivery of type com.foodrescue.api.model.Delivery
[ERROR] /F:/KrunalDey/foodRescue/backend/src/main/java/com/foodrescue/api/controller/DeliveryController.java:[151,47] cannot find symbol
[ERROR]   symbol:   method getRequest()
[ERROR]   location: variable delivery of type com.foodrescue.api.model.Delivery
[ERROR] /F:/KrunalDey/foodRescue/backend/src/main/java/com/foodrescue/api/controller/DeliveryController.java:[155,33] cannot find symbol
[ERROR]   symbol:   method getRequest()
[ERROR]   location: variable delivery of type com.foodrescue.api.model.Delivery
[ERROR] /F:/KrunalDey/foodRescue/backend/src/main/java/com/foodrescue/api/controller/DeliveryController.java:[157,49] cannot find symbol
[ERROR]   symbol:   method getRequest()
[ERROR]   location: variable delivery of type com.foodrescue.api.model.Delivery
[ERROR] /F:/KrunalDey/foodRescue/backend/src/main/java/com/foodrescue/api/controller/DeliveryController.java:[158,27] cannot find symbol
[ERROR]   symbol:   method setMessage(java.lang.String)
[ERROR]   location: variable n1 of type com.foodrescue.api.model.Notification
[ERROR] /F:/KrunalDey/foodRescue/backend/src/main/java/com/foodrescue/api/controller/DeliveryController.java:[159,27] cannot find symbol
[ERROR]   symbol:   method setType(java.lang.String)
[ERROR]   location: variable n1 of type com.foodrescue.api.model.Notification
[ERROR] /F:/KrunalDey/foodRescue/backend/src/main/java/com/foodrescue/api/controller/DeliveryController.java:[163,33] cannot find symbol
[ERROR]   symbol:   method getRequest()
[ERROR]   location: variable delivery of type com.foodrescue.api.model.Delivery
[ERROR] /F:/KrunalDey/foodRescue/backend/src/main/java/com/foodrescue/api/controller/DeliveryController.java:[165,49] cannot find symbol
[ERROR]   symbol:   method getRequest()
[ERROR]   location: variable delivery of type com.foodrescue.api.model.Delivery
[ERROR] /F:/KrunalDey/foodRescue/backend/src/main/java/com/foodrescue/api/controller/DeliveryController.java:[166,27] cannot find symbol
[ERROR]   symbol:   method setMessage(java.lang.String)
[ERROR]   location: variable n2 of type com.foodrescue.api.model.Notification
[ERROR] /F:/KrunalDey/foodRescue/backend/src/main/java/com/foodrescue/api/controller/DeliveryController.java:[167,27] cannot find symbol
[ERROR]   symbol:   method setType(java.lang.String)
[ERROR]   location: variable n2 of type com.foodrescue.api.model.Notification
[ERROR] /F:/KrunalDey/foodRescue/backend/src/main/java/com/foodrescue/api/controller/DeliveryController.java:[173,37] cannot find symbol
[ERROR]   symbol:   method getVolunteer()
[ERROR]   location: variable delivery of type com.foodrescue.api.model.Delivery
[ERROR] /F:/KrunalDey/foodRescue/backend/src/main/java/com/foodrescue/api/controller/DeliveryController.java:[174,67] cannot find symbol
[ERROR]   symbol:   method getVolunteer()
[ERROR]   location: variable delivery of type com.foodrescue.api.model.Delivery
[ERROR] /F:/KrunalDey/foodRescue/backend/src/main/java/com/foodrescue/api/controller/DeliveryController.java:[176,37] cannot find symbol
[ERROR]   symbol:   method getRequest()
[ERROR]   location: variable delivery of type com.foodrescue.api.model.Delivery
[ERROR] /F:/KrunalDey/foodRescue/backend/src/main/java/com/foodrescue/api/controller/DeliveryController.java:[177,69] cannot find symbol
[ERROR]   symbol:   method getRequest()
[ERROR]   location: variable delivery of type com.foodrescue.api.model.Delivery
[ERROR] /F:/KrunalDey/foodRescue/backend/src/main/java/com/foodrescue/api/controller/DeliveryController.java:[179,37] cannot find symbol
[ERROR]   symbol:   method getRequest()
[ERROR]   location: variable delivery of type com.foodrescue.api.model.Delivery
[ERROR] /F:/KrunalDey/foodRescue/backend/src/main/java/com/foodrescue/api/controller/DeliveryController.java:[180,69] cannot find symbol
[ERROR]   symbol:   method getRequest()
[ERROR]   location: variable delivery of type com.foodrescue.api.model.Delivery
[ERROR] /F:/KrunalDey/foodRescue/backend/src/main/java/com/foodrescue/api/controller/DeliveryController.java:[187,21] cannot find symbol
[ERROR]   symbol:   method setUpdatedAt(java.time.LocalDateTime)
[ERROR]   location: variable delivery of type com.foodrescue.api.model.Delivery
[ERROR] /F:/KrunalDey/foodRescue/backend/src/main/java/com/foodrescue/api/controller/DeliveryController.java:[196,42] cannot find symbol
[ERROR]   symbol:   method getStatus()
[ERROR]   location: variable delivery of type com.foodrescue.api.model.Delivery
[ERROR] /F:/KrunalDey/foodRescue/backend/src/main/java/com/foodrescue/api/controller/DeliveryController.java:[196,86] cannot find symbol
[ERROR]   symbol:   method getStatus()
[ERROR]   location: variable delivery of type com.foodrescue.api.model.Delivery
[ERROR] /F:/KrunalDey/foodRescue/backend/src/main/java/com/foodrescue/api/controller/DeliveryController.java:[199,21] cannot find symbol
[ERROR]   symbol:   method setCurrentCoordinates(double[])
[ERROR]   location: variable delivery of type com.foodrescue.api.model.Delivery
[ERROR] /F:/KrunalDey/foodRescue/backend/src/main/java/com/foodrescue/api/controller/DeliveryController.java:[200,21] cannot find symbol
[ERROR]   symbol:   method setUpdatedAt(java.time.LocalDateTime)
[ERROR]   location: variable delivery of type com.foodrescue.api.model.Delivery
[ERROR] /F:/KrunalDey/foodRescue/backend/src/main/java/com/foodrescue/api/controller/DeliveryController.java:[208,21] cannot find symbol
[ERROR]   symbol:   method setStatus(java.lang.String)
[ERROR]   location: variable delivery of type com.foodrescue.api.model.Delivery
[ERROR] /F:/KrunalDey/foodRescue/backend/src/main/java/com/foodrescue/api/controller/DeliveryController.java:[209,21] cannot find symbol
[ERROR]   symbol:   method setDeliveredAt(java.time.LocalDateTime)
[ERROR]   location: variable delivery of type com.foodrescue.api.model.Delivery
[ERROR] /F:/KrunalDey/foodRescue/backend/src/main/java/com/foodrescue/api/controller/DeliveryController.java:[210,21] cannot find symbol
[ERROR]   symbol:   method setUpdatedAt(java.time.LocalDateTime)
[ERROR]   location: variable delivery of type com.foodrescue.api.model.Delivery
[ERROR] /F:/KrunalDey/foodRescue/backend/src/main/java/com/foodrescue/api/controller/DeliveryController.java:[215,59] cannot find symbol
[ERROR]   symbol:   method getRequest()
[ERROR]   location: variable delivery of type com.foodrescue.api.model.Delivery
[ERROR] -> [Help 1]
[ERROR] 
[ERROR] To see the full stack trace of the errors, re-run Maven with the -e switch.
[ERROR] Re-run Maven using the -X switch to enable full debug logging.
[ERROR] 
[ERROR] For more information about the errors and possible solutions, please read the following articles:
[ERROR] [Help 1] http://cwiki.apache.org/confluence/display/MAVEN/MojoFailureException
